[OK]    al.essio.dev/pkg/shellescape v1.6.0                                    MIT                       88         https://api.clearlydefined.io/definitions/go/golang/al.essio.dev/pkg/shellescape/v1.6.0
[OK]    cel.dev/expr v0.25.1                                                   Apache-2.0                75         https://api.clearlydefined.io/definitions/go/golang/cel.dev/expr/v0.25.1
[OK]    cloud.google.com/go/compute/metadata v0.9.0                            Apache-2.0                95         https://api.clearlydefined.io/definitions/go/golang/cloud.google.com/go/compute/metadata/v0.9.0
[OK]    dario.cat/mergo v1.0.0                                                 BSD-3-Clause              89         https://api.clearlydefined.io/definitions/go/golang/dario.cat/mergo/v1.0.0
[OK]    github.com/AdaLogics/go-fuzz-headers v0.0.0-20240806141605-e8a1dd7889d6 Apache-2.0                95         https://api.clearlydefined.io/definitions/go/golang/github.com/AdaLogics/go-fuzz-headers/v0.0.0-20240806141605-e8a1dd7889d6
[OK]    github.com/Azure/go-ansiterm v0.0.0-20250102033503-faa5f7b0171c        MIT                       88         https://api.clearlydefined.io/definitions/go/golang/github.com/Azure/go-ansiterm/v0.0.0-20250102033503-faa5f7b0171c
[WARN]  github.com/BurntSushi/toml v1.6.0                                      MIT                       72         https://api.clearlydefined.io/definitions/go/golang/github.com/BurntSushi/toml/v1.6.0
[OK]    github.com/GoogleCloudPlatform/opentelemetry-operations-go/detectors/gcp v1.30.0 Apache-2.0                97         https://api.clearlydefined.io/definitions/go/golang/github.com/GoogleCloudPlatform/opentelemetry-operations-go/detectors/gcp/v1.30.0
[OK]    github.com/MakeNowJust/heredoc v1.0.0                                  MIT                       88         https://api.clearlydefined.io/definitions/go/golang/github.com/MakeNowJust/heredoc/v1.0.0
[OK]    github.com/Masterminds/semver/v3 v3.4.0                                MIT                       88         https://api.clearlydefined.io/definitions/go/golang/github.com/Masterminds/semver/v3/v3.4.0
[WARN]  github.com/Microsoft/go-winio v0.6.2                                   MIT                       72         https://api.clearlydefined.io/definitions/go/golang/github.com/Microsoft/go-winio/v0.6.2
[WARN]  github.com/Microsoft/hcsshim v0.13.0                                   MIT                       72         https://api.clearlydefined.io/definitions/go/golang/github.com/Microsoft/hcsshim/v0.13.0
[OK]    github.com/NYTimes/gziphandler v1.1.1                                  Apache-2.0                88         https://api.clearlydefined.io/definitions/go/golang/github.com/NYTimes/gziphandler/v1.1.1
[OK]    github.com/ProtonMail/go-crypto v1.1.6                                 BSD-3-Clause              77         https://api.clearlydefined.io/definitions/go/golang/github.com/ProtonMail/go-crypto/v1.1.6
[OK]    github.com/VividCortex/ewma v1.2.0                                     MIT                       88         https://api.clearlydefined.io/definitions/go/golang/github.com/VividCortex/ewma/v1.2.0
[OK]    github.com/acarl005/stripansi v0.0.0-20180116102854-5a71ef0e047d       MIT                       91         https://api.clearlydefined.io/definitions/go/golang/github.com/acarl005/stripansi/v0.0.0-20180116102854-5a71ef0e047d
[OK]    github.com/akrylysov/pogreb v0.10.2                                    Apache-2.0                87         https://api.clearlydefined.io/definitions/go/golang/github.com/akrylysov/pogreb/v0.10.2
[OK]    github.com/alecthomas/kingpin/v2 v2.4.0                                MIT                       88         https://api.clearlydefined.io/definitions/go/golang/github.com/alecthomas/kingpin/v2/v2.4.0
[OK]    github.com/alecthomas/units v0.0.0-20240927000941-0f3dac36c52b         MIT                       89         https://api.clearlydefined.io/definitions/go/golang/github.com/alecthomas/units/v0.0.0-20240927000941-0f3dac36c52b
[OK]    github.com/antlr4-go/antlr/v4 v4.13.1                                  BSD-3-Clause              87         https://api.clearlydefined.io/definitions/go/golang/github.com/antlr4-go/antlr/v4/v4.13.1
[OK]    github.com/beorn7/perks v1.0.1                                         MIT                       89         https://api.clearlydefined.io/definitions/go/golang/github.com/beorn7/perks/v1.0.1
[OK]    github.com/blang/semver/v4 v4.0.0                                      MIT                       88         https://api.clearlydefined.io/definitions/go/golang/github.com/blang/semver/v4/v4.0.0
[OK]    github.com/cenkalti/backoff/v4 v4.3.0                                  MIT                       88         https://api.clearlydefined.io/definitions/go/golang/github.com/cenkalti/backoff/v4/v4.3.0
[OK]    github.com/cenkalti/backoff/v5 v5.0.3                                  MIT                       88         https://api.clearlydefined.io/definitions/go/golang/github.com/cenkalti/backoff/v5/v5.0.3
[OK]    github.com/cespare/xxhash/v2 v2.3.0                                    MIT                       88         https://api.clearlydefined.io/definitions/go/golang/github.com/cespare/xxhash/v2/v2.3.0
[ERROR] github.com/che-incubator/kubernetes-image-puller-operator v0.0.0-20260717080248-21df2985d548 N/A                       N/A        https://api.clearlydefined.io/definitions/go/golang/github.com/che-incubator/kubernetes-image-puller-operator/v0.0.0-20260717080248-21df2985d548
[OK]    github.com/clipperhouse/stringish v0.1.1                               MIT                       85         https://api.clearlydefined.io/definitions/go/golang/github.com/clipperhouse/stringish/v0.1.1
[WARN]  github.com/clipperhouse/uax29/v2 v2.5.0                                MIT                       73         https://api.clearlydefined.io/definitions/go/golang/github.com/clipperhouse/uax29/v2/v2.5.0
[OK]    github.com/cloudflare/circl v1.6.3                                     BSD-3-Clause              88         https://api.clearlydefined.io/definitions/go/golang/github.com/cloudflare/circl/v1.6.3
[OK]    github.com/cncf/xds/go v0.0.0-20251210132809-ee656c7534f5              Apache-2.0                87         https://api.clearlydefined.io/definitions/go/golang/github.com/cncf/xds/go/v0.0.0-20251210132809-ee656c7534f5
[OK]    github.com/containerd/cgroups/v3 v3.1.2                                Apache-2.0                87         https://api.clearlydefined.io/definitions/go/golang/github.com/containerd/cgroups/v3/v3.1.2
[WARN]  github.com/containerd/containerd v1.7.30                               Apache-2.0                73         https://api.clearlydefined.io/definitions/go/golang/github.com/containerd/containerd/v1.7.30
[WARN]  github.com/containerd/containerd/api v1.10.0                           Apache-2.0                72         https://api.clearlydefined.io/definitions/go/golang/github.com/containerd/containerd/api/v1.10.0
[OK]    github.com/containerd/continuity v0.4.5                                Apache-2.0                87         https://api.clearlydefined.io/definitions/go/golang/github.com/containerd/continuity/v0.4.5
[OK]    github.com/containerd/errdefs v1.0.0                                   Apache-2.0                87         https://api.clearlydefined.io/definitions/go/golang/github.com/containerd/errdefs/v1.0.0
[OK]    github.com/containerd/errdefs/pkg v0.3.0                               Apache-2.0                87         https://api.clearlydefined.io/definitions/go/golang/github.com/containerd/errdefs/pkg/v0.3.0
[OK]    github.com/containerd/log v0.1.0                                       Apache-2.0                87         https://api.clearlydefined.io/definitions/go/golang/github.com/containerd/log/v0.1.0
[OK]    github.com/containerd/platforms v0.2.1                                 Apache-2.0                87         https://api.clearlydefined.io/definitions/go/golang/github.com/containerd/platforms/v0.2.1
[OK]    github.com/containerd/ttrpc v1.2.7                                     Apache-2.0                87         https://api.clearlydefined.io/definitions/go/golang/github.com/containerd/ttrpc/v1.2.7
[OK]    github.com/containerd/typeurl/v2 v2.2.3                                Apache-2.0                87         https://api.clearlydefined.io/definitions/go/golang/github.com/containerd/typeurl/v2/v2.2.3
[OK]    github.com/containers/libtrust v0.0.0-20230121012942-c1716e8a8d01      Apache-2.0                80         https://api.clearlydefined.io/definitions/go/golang/github.com/containers/libtrust/v0.0.0-20230121012942-c1716e8a8d01
[OK]    github.com/containers/ocicrypt v1.2.1                                  Apache-2.0                87         https://api.clearlydefined.io/definitions/go/golang/github.com/containers/ocicrypt/v1.2.1
[OK]    github.com/coreos/go-semver v0.3.1                                     Apache-2.0                84         https://api.clearlydefined.io/definitions/go/golang/github.com/coreos/go-semver/v0.3.1
[OK]    github.com/coreos/go-systemd/v22 v22.7.0                               Apache-2.0                81         https://api.clearlydefined.io/definitions/go/golang/github.com/coreos/go-systemd/v22/v22.7.0
[OK]    github.com/cyberphone/json-canonicalization v0.0.0-20241213102144-19d51d7fe467 Apache-2.0                77         https://api.clearlydefined.io/definitions/go/golang/github.com/cyberphone/json-canonicalization/v0.0.0-20241213102144-19d51d7fe467
[OK]    github.com/cyphar/filepath-securejoin v0.6.1                           BSD-3-Clause              83         https://api.clearlydefined.io/definitions/go/golang/github.com/cyphar/filepath-securejoin/v0.6.1
[OK]    github.com/davecgh/go-spew v1.1.2-0.20180830191138-d8f796af33cc        ISC                       97         https://api.clearlydefined.io/definitions/go/golang/github.com/davecgh/go-spew/v1.1.2-0.20180830191138-d8f796af33cc
[OK]    github.com/devfile/api/v2 v2.3.1-alpha.0.20250521155908-5c3d7b99d252   Apache-2.0                76         https://api.clearlydefined.io/definitions/go/golang/github.com/devfile/api/v2/v2.3.1-alpha.0.20250521155908-5c3d7b99d252
[WARN]  github.com/devfile/devworkspace-operator v0.42.0                       Apache-2.0                N/A        Harvesting is in progress
[OK]    github.com/dgryski/go-rendezvous v0.0.0-20200823014737-9f7001d12a5f    MIT                       91         https://api.clearlydefined.io/definitions/go/golang/github.com/dgryski/go-rendezvous/v0.0.0-20200823014737-9f7001d12a5f
[WARN]  github.com/distribution/distribution/v3 v3.0.0                         Apache-2.0                72         https://api.clearlydefined.io/definitions/go/golang/github.com/distribution/distribution/v3/v3.0.0
[WARN]  github.com/distribution/reference v0.6.0                               Apache-2.0                73         https://api.clearlydefined.io/definitions/go/golang/github.com/distribution/reference/v0.6.0
[WARN]  github.com/docker/cli v29.2.1+incompatible                             Apache-2.0                72         https://api.clearlydefined.io/definitions/go/golang/github.com/docker/cli/v29.2.1+incompatible
[WARN]  github.com/docker/distribution v2.8.3+incompatible                     Apache-2.0                72         https://api.clearlydefined.io/definitions/go/golang/github.com/docker/distribution/v2.8.3+incompatible
[WARN]  github.com/docker/docker v28.5.2+incompatible                          Apache-2.0                72         https://api.clearlydefined.io/definitions/go/golang/github.com/docker/docker/v28.5.2+incompatible
[WARN]  github.com/docker/docker-credential-helpers v0.9.5                     MIT                       73         https://api.clearlydefined.io/definitions/go/golang/github.com/docker/docker-credential-helpers/v0.9.5
[WARN]  github.com/docker/go-connections v0.6.0                                Apache-2.0                73         https://api.clearlydefined.io/definitions/go/golang/github.com/docker/go-connections/v0.6.0
[WARN]  github.com/docker/go-events v0.0.0-20250808211157-605354379745         Apache-2.0                74         https://api.clearlydefined.io/definitions/go/golang/github.com/docker/go-events/v0.0.0-20250808211157-605354379745
[WARN]  github.com/docker/go-metrics v0.0.1                                    Apache-2.0                74         https://api.clearlydefined.io/definitions/go/golang/github.com/docker/go-metrics/v0.0.1
[OK]    github.com/docker/go-units v0.5.0                                      Apache-2.0                83         https://api.clearlydefined.io/definitions/go/golang/github.com/docker/go-units/v0.5.0
[OK]    github.com/dustin/go-humanize v1.0.1                                   MIT                       88         https://api.clearlydefined.io/definitions/go/golang/github.com/dustin/go-humanize/v1.0.1
[OK]    github.com/emicklei/go-restful/v3 v3.13.0                              MIT                       93         https://api.clearlydefined.io/definitions/go/golang/github.com/emicklei/go-restful/v3/v3.13.0
[OK]    github.com/emirpasic/gods v1.18.1                                      BSD-2-Clause              84         https://api.clearlydefined.io/definitions/go/golang/github.com/emirpasic/gods/v1.18.1
[OK]    github.com/envoyproxy/go-control-plane v0.14.0                         Apache-2.0                76         https://api.clearlydefined.io/definitions/go/golang/github.com/envoyproxy/go-control-plane/v0.14.0
[OK]    github.com/envoyproxy/go-control-plane/envoy v1.36.0                   Apache-2.0                87         https://api.clearlydefined.io/definitions/go/golang/github.com/envoyproxy/go-control-plane/envoy/v1.36.0
[OK]    github.com/envoyproxy/go-control-plane/ratelimit v0.1.0                Apache-2.0                87         https://api.clearlydefined.io/definitions/go/golang/github.com/envoyproxy/go-control-plane/ratelimit/v0.1.0
[WARN]  github.com/envoyproxy/protoc-gen-validate v1.3.0                       Apache-2.0                72         https://api.clearlydefined.io/definitions/go/golang/github.com/envoyproxy/protoc-gen-validate/v1.3.0
[OK]    github.com/evanphx/json-patch v5.9.11+incompatible                     BSD-3-Clause              88         https://api.clearlydefined.io/definitions/go/golang/github.com/evanphx/json-patch/v5.9.11+incompatible
[OK]    github.com/evanphx/json-patch/v5 v5.9.11                               BSD-3-Clause              96         https://api.clearlydefined.io/definitions/go/golang/github.com/evanphx/json-patch/v5/v5.9.11
[OK]    github.com/fatih/color v1.18.0                                         MIT                       81         https://api.clearlydefined.io/definitions/go/golang/github.com/fatih/color/v1.18.0
[OK]    github.com/felixge/httpsnoop v1.0.4                                    MIT                       88         https://api.clearlydefined.io/definitions/go/golang/github.com/felixge/httpsnoop/v1.0.4
[OK]    github.com/fsnotify/fsnotify v1.9.0                                    BSD-3-Clause              87         https://api.clearlydefined.io/definitions/go/golang/github.com/fsnotify/fsnotify/v1.9.0
[OK]    github.com/fxamacker/cbor/v2 v2.9.0                                    MIT                       81         https://api.clearlydefined.io/definitions/go/golang/github.com/fxamacker/cbor/v2/v2.9.0
[OK]    github.com/ghodss/yaml v1.0.0                                          BSD-3-Clause              91         https://api.clearlydefined.io/definitions/go/golang/github.com/ghodss/yaml/v1.0.0
[OK]    github.com/go-air/gini v1.0.4                                          MIT                       81         https://api.clearlydefined.io/definitions/go/golang/github.com/go-air/gini/v1.0.4
[OK]    github.com/go-bindata/go-bindata/v3 v3.1.3                             CC0-1.0                   88         https://api.clearlydefined.io/definitions/go/golang/github.com/go-bindata/go-bindata/v3/v3.1.3
[OK]    github.com/go-git/gcfg v1.5.1-0.20230307220236-3a3c6141e376            BSD-3-Clause              91         https://api.clearlydefined.io/definitions/go/golang/github.com/go-git/gcfg/v1.5.1-0.20230307220236-3a3c6141e376
[OK]    github.com/go-git/go-billy/v5 v5.9.0                                   Apache-2.0                88         https://api.clearlydefined.io/definitions/go/golang/github.com/go-git/go-billy/v5/v5.9.0
[ERROR] github.com/go-git/go-git/v5 v5.19.1                                    N/A                       N/A        https://api.clearlydefined.io/definitions/go/golang/github.com/go-git/go-git/v5/v5.19.1
[OK]    github.com/go-jose/go-jose/v4 v4.1.3                                   Apache-2.0                89         https://api.clearlydefined.io/definitions/go/golang/github.com/go-jose/go-jose/v4/v4.1.3
[ERROR] github.com/go-logr/logr v1.4.4                                         N/A                       N/A        https://api.clearlydefined.io/definitions/go/golang/github.com/go-logr/logr/v1.4.4
[OK]    github.com/go-logr/stdr v1.2.2                                         Apache-2.0                92         https://api.clearlydefined.io/definitions/go/golang/github.com/go-logr/stdr/v1.2.2
[OK]    github.com/go-logr/zapr v1.3.0                                         Apache-2.0                94         https://api.clearlydefined.io/definitions/go/golang/github.com/go-logr/zapr/v1.3.0
[OK]    github.com/go-openapi/jsonpointer v0.22.4                              Apache-2.0                75         https://api.clearlydefined.io/definitions/go/golang/github.com/go-openapi/jsonpointer/v0.22.4
[OK]    github.com/go-openapi/jsonreference v0.21.4                            Apache-2.0                75         https://api.clearlydefined.io/definitions/go/golang/github.com/go-openapi/jsonreference/v0.21.4
[OK]    github.com/go-openapi/swag v0.25.4                                     Apache-2.0                79         https://api.clearlydefined.io/definitions/go/golang/github.com/go-openapi/swag/v0.25.4
[OK]    github.com/go-openapi/swag/cmdutils v0.25.4                            Apache-2.0                94         https://api.clearlydefined.io/definitions/go/golang/github.com/go-openapi/swag/cmdutils/v0.25.4
[OK]    github.com/go-openapi/swag/conv v0.25.4                                Apache-2.0                96         https://api.clearlydefined.io/definitions/go/golang/github.com/go-openapi/swag/conv/v0.25.4
[OK]    github.com/go-openapi/swag/fileutils v0.25.4                           Apache-2.0                95         https://api.clearlydefined.io/definitions/go/golang/github.com/go-openapi/swag/fileutils/v0.25.4
[OK]    github.com/go-openapi/swag/jsonname v0.25.4                            Apache-2.0                94         https://api.clearlydefined.io/definitions/go/golang/github.com/go-openapi/swag/jsonname/v0.25.4
[OK]    github.com/go-openapi/swag/jsonutils v0.25.4                           Apache-2.0                98         https://api.clearlydefined.io/definitions/go/golang/github.com/go-openapi/swag/jsonutils/v0.25.4
[OK]    github.com/go-openapi/swag/jsonutils/fixtures_test v0.25.4             Apache-2.0                93         https://api.clearlydefined.io/definitions/go/golang/github.com/go-openapi/swag/jsonutils/fixtures_test/v0.25.4
[OK]    github.com/go-openapi/swag/loading v0.25.4                             Apache-2.0                81         https://api.clearlydefined.io/definitions/go/golang/github.com/go-openapi/swag/loading/v0.25.4
[OK]    github.com/go-openapi/swag/mangling v0.25.4                            Apache-2.0                97         https://api.clearlydefined.io/definitions/go/golang/github.com/go-openapi/swag/mangling/v0.25.4
[OK]    github.com/go-openapi/swag/netutils v0.25.4                            Apache-2.0                94         https://api.clearlydefined.io/definitions/go/golang/github.com/go-openapi/swag/netutils/v0.25.4
[OK]    github.com/go-openapi/swag/stringutils v0.25.4                         Apache-2.0                95         https://api.clearlydefined.io/definitions/go/golang/github.com/go-openapi/swag/stringutils/v0.25.4
[OK]    github.com/go-openapi/swag/typeutils v0.25.4                           Apache-2.0                94         https://api.clearlydefined.io/definitions/go/golang/github.com/go-openapi/swag/typeutils/v0.25.4
[OK]    github.com/go-openapi/swag/yamlutils v0.25.4                           Apache-2.0                94         https://api.clearlydefined.io/definitions/go/golang/github.com/go-openapi/swag/yamlutils/v0.25.4
[WARN]  github.com/go-openapi/testify/enable/yaml/v2 v2.0.2                    Apache-2.0                N/A        Harvesting is in progress
[OK]    github.com/go-openapi/testify/v2 v2.0.2                                Apache-2.0                76         https://api.clearlydefined.io/definitions/go/golang/github.com/go-openapi/testify/v2/v2.0.2
[OK]    github.com/go-task/slim-sprig/v3 v3.0.0                                MIT                       80         https://api.clearlydefined.io/definitions/go/golang/github.com/go-task/slim-sprig/v3/v3.0.0
[OK]    github.com/gobuffalo/flect v1.0.3                                      MIT                       87         https://api.clearlydefined.io/definitions/go/golang/github.com/gobuffalo/flect/v1.0.3
[OK]    github.com/gogo/protobuf v1.3.2                                        BSD-3-Clause              79         https://api.clearlydefined.io/definitions/go/golang/github.com/gogo/protobuf/v1.3.2
[OK]    github.com/golang-jwt/jwt/v5 v5.3.0                                    MIT                       87         https://api.clearlydefined.io/definitions/go/golang/github.com/golang-jwt/jwt/v5/v5.3.0
[WARN]  github.com/golang-migrate/migrate/v4 v4.19.1                           MIT                       72         https://api.clearlydefined.io/definitions/go/golang/github.com/golang-migrate/migrate/v4/v4.19.1
[OK]    github.com/golang/glog v1.2.5                                          Apache-2.0                92         https://api.clearlydefined.io/definitions/go/golang/github.com/golang/glog/v1.2.5
[OK]    github.com/golang/groupcache v0.0.0-20241129210726-2c02b8208cf8        Apache-2.0                96         https://api.clearlydefined.io/definitions/go/golang/github.com/golang/groupcache/v0.0.0-20241129210726-2c02b8208cf8
[OK]    github.com/golang/mock v1.7.0-rc.1                                     Apache-2.0                82         https://api.clearlydefined.io/definitions/go/golang/github.com/golang/mock/v1.7.0-rc.1
[OK]    github.com/golang/protobuf v1.5.4                                      BSD-3-Clause              88         https://api.clearlydefined.io/definitions/go/golang/github.com/golang/protobuf/v1.5.4
[OK]    github.com/google/btree v1.1.3                                         Apache-2.0                96         https://api.clearlydefined.io/definitions/go/golang/github.com/google/btree/v1.1.3
[OK]    github.com/google/cel-go v0.27.0                                       Apache-2.0                82         https://api.clearlydefined.io/definitions/go/golang/github.com/google/cel-go/v0.27.0
[OK]    github.com/google/gnostic-models v0.7.1                                Apache-2.0                82         https://api.clearlydefined.io/definitions/go/golang/github.com/google/gnostic-models/v0.7.1
[OK]    github.com/google/go-cmp v0.7.0                                        BSD-3-Clause              83         https://api.clearlydefined.io/definitions/go/golang/github.com/google/go-cmp/v0.7.0
[OK]    github.com/google/go-containerregistry v0.20.7                         Apache-2.0                80         https://api.clearlydefined.io/definitions/go/golang/github.com/google/go-containerregistry/v0.20.7
[OK]    github.com/google/gofuzz v1.2.0                                        Apache-2.0                94         https://api.clearlydefined.io/definitions/go/golang/github.com/google/gofuzz/v1.2.0
[ERROR] github.com/google/pprof v0.0.0-20260402051712-545e8a4df936             N/A                       N/A        https://api.clearlydefined.io/definitions/go/golang/github.com/google/pprof/v0.0.0-20260402051712-545e8a4df936
[OK]    github.com/google/uuid v1.6.0                                          BSD-3-Clause              89         https://api.clearlydefined.io/definitions/go/golang/github.com/google/uuid/v1.6.0
[OK]    github.com/gorilla/handlers v1.5.2                                     BSD-3-Clause              91         https://api.clearlydefined.io/definitions/go/golang/github.com/gorilla/handlers/v1.5.2
[OK]    github.com/gorilla/mux v1.8.1                                          BSD-3-Clause              92         https://api.clearlydefined.io/definitions/go/golang/github.com/gorilla/mux/v1.8.1
[OK]    github.com/gorilla/websocket v1.5.4-0.20250319132907-e064f32e3674      BSD-2-Clause              81         https://api.clearlydefined.io/definitions/go/golang/github.com/gorilla/websocket/v1.5.4-0.20250319132907-e064f32e3674
[OK]    github.com/grpc-ecosystem/go-grpc-middleware/providers/prometheus v1.1.0 Apache-2.0                87         https://api.clearlydefined.io/definitions/go/golang/github.com/grpc-ecosystem/go-grpc-middleware/providers/prometheus/v1.1.0
[WARN]  github.com/grpc-ecosystem/go-grpc-middleware/v2 v2.3.3                 Apache-2.0                73         https://api.clearlydefined.io/definitions/go/golang/github.com/grpc-ecosystem/go-grpc-middleware/v2/v2.3.3
[OK]    github.com/grpc-ecosystem/go-grpc-prometheus v1.2.0                    Apache-2.0                76         https://api.clearlydefined.io/definitions/go/golang/github.com/grpc-ecosystem/go-grpc-prometheus/v1.2.0
[WARN]  github.com/grpc-ecosystem/grpc-gateway/v2 v2.27.7                      BSD-3-Clause              72         https://api.clearlydefined.io/definitions/go/golang/github.com/grpc-ecosystem/grpc-gateway/v2/v2.27.7
[WARN]  github.com/grpc-ecosystem/grpc-health-probe v0.4.45                    Apache-2.0                N/A        Harvesting is in progress
[WARN]  github.com/h2non/filetype v1.1.3                                       MIT                       73         https://api.clearlydefined.io/definitions/go/golang/github.com/h2non/filetype/v1.1.3
[OK]    github.com/h2non/go-is-svg v0.0.0-20160927212452-35e8c4b0612c          MIT                       89         https://api.clearlydefined.io/definitions/go/golang/github.com/h2non/go-is-svg/v0.0.0-20160927212452-35e8c4b0612c
[OK]    github.com/hashicorp/errwrap v1.0.0                                    MPL-2.0                   87         https://api.clearlydefined.io/definitions/go/golang/github.com/hashicorp/errwrap/v1.0.0
[OK]    github.com/hashicorp/go-multierror v1.1.1                              MPL-2.0                   87         https://api.clearlydefined.io/definitions/go/golang/github.com/hashicorp/go-multierror/v1.1.1
[OK]    github.com/hashicorp/golang-lru/arc/v2 v2.0.7                          MPL-2.0                   95         https://api.clearlydefined.io/definitions/go/golang/github.com/hashicorp/golang-lru/arc/v2/v2.0.7
[OK]    github.com/hashicorp/golang-lru/v2 v2.0.7                              MPL-2.0                   82         https://api.clearlydefined.io/definitions/go/golang/github.com/hashicorp/golang-lru/v2/v2.0.7
[OK]    github.com/inconshreveable/mousetrap v1.1.0                            Apache-2.0                90         https://api.clearlydefined.io/definitions/go/golang/github.com/inconshreveable/mousetrap/v1.1.0
[OK]    github.com/itchyny/gojq v0.12.18                                       MIT                       87         https://api.clearlydefined.io/definitions/go/golang/github.com/itchyny/gojq/v0.12.18
[OK]    github.com/itchyny/timefmt-go v0.1.7                                   MIT                       88         https://api.clearlydefined.io/definitions/go/golang/github.com/itchyny/timefmt-go/v0.1.7
[OK]    github.com/jbenet/go-context v0.0.0-20150711004518-d14ea06fba99        MIT                       89         https://api.clearlydefined.io/definitions/go/golang/github.com/jbenet/go-context/v0.0.0-20150711004518-d14ea06fba99
[OK]    github.com/jessevdk/go-flags v1.6.1                                    BSD-3-Clause              89         https://api.clearlydefined.io/definitions/go/golang/github.com/jessevdk/go-flags/v1.6.1
[OK]    github.com/joelanford/ignore v0.1.1                                    Apache-2.0                87         https://api.clearlydefined.io/definitions/go/golang/github.com/joelanford/ignore/v0.1.1
[OK]    github.com/jonboulle/clockwork v0.5.0                                  Apache-2.0                87         https://api.clearlydefined.io/definitions/go/golang/github.com/jonboulle/clockwork/v0.5.0
[OK]    github.com/josharian/intern v1.0.0                                     MIT                       90         https://api.clearlydefined.io/definitions/go/golang/github.com/josharian/intern/v1.0.0
[OK]    github.com/jpillora/backoff v1.0.0                                     MIT                       90         https://api.clearlydefined.io/definitions/go/golang/github.com/jpillora/backoff/v1.0.0
[OK]    github.com/json-iterator/go v1.1.12                                    MIT                       87         https://api.clearlydefined.io/definitions/go/golang/github.com/json-iterator/go/v1.1.12
[OK]    github.com/julienschmidt/httprouter v1.3.0                             BSD-3-Clause              96         https://api.clearlydefined.io/definitions/go/golang/github.com/julienschmidt/httprouter/v1.3.0
[OK]    github.com/kevinburke/ssh_config v1.2.0                                MIT                       88         https://api.clearlydefined.io/definitions/go/golang/github.com/kevinburke/ssh_config/v1.2.0
[OK]    github.com/kisielk/errcheck v1.8.0                                     MIT                       88         https://api.clearlydefined.io/definitions/go/golang/github.com/kisielk/errcheck/v1.8.0
[OK]    github.com/klauspost/compress v1.18.3                                  Apache-2.0                75         https://api.clearlydefined.io/definitions/go/golang/github.com/klauspost/compress/v1.18.3
[OK]    github.com/klauspost/cpuid/v2 v2.3.0                                   MIT                       80         https://api.clearlydefined.io/definitions/go/golang/github.com/klauspost/cpuid/v2/v2.3.0
[OK]    github.com/klauspost/pgzip v1.2.6                                      BSD-3-Clause              78         https://api.clearlydefined.io/definitions/go/golang/github.com/klauspost/pgzip/v1.2.6
[OK]    github.com/kr/pretty v0.3.1                                            MIT                       88         https://api.clearlydefined.io/definitions/go/golang/github.com/kr/pretty/v0.3.1
[OK]    github.com/kr/text v0.2.0                                              MIT                       88         https://api.clearlydefined.io/definitions/go/golang/github.com/kr/text/v0.2.0
[OK]    github.com/kylelemons/godebug v1.1.0                                   Apache-2.0                96         https://api.clearlydefined.io/definitions/go/golang/github.com/kylelemons/godebug/v1.1.0
[OK]    github.com/liggitt/tabwriter v0.0.0-20181228230101-89fcab3d43de        BSD-3-Clause              96         https://api.clearlydefined.io/definitions/go/golang/github.com/liggitt/tabwriter/v0.0.0-20181228230101-89fcab3d43de
[OK]    github.com/lucasjones/reggen v0.0.0-20200904144131-37ba4fa293bb        MIT                       90         https://api.clearlydefined.io/definitions/go/golang/github.com/lucasjones/reggen/v0.0.0-20200904144131-37ba4fa293bb
[WARN]  github.com/mailru/easyjson v0.7.7                                      MIT                       73         https://api.clearlydefined.io/definitions/go/golang/github.com/mailru/easyjson/v0.7.7
[OK]    github.com/mattn/go-colorable v0.1.13                                  MIT                       88         https://api.clearlydefined.io/definitions/go/golang/github.com/mattn/go-colorable/v0.1.13
[OK]    github.com/mattn/go-isatty v0.0.20                                     MIT                       88         https://api.clearlydefined.io/definitions/go/golang/github.com/mattn/go-isatty/v0.0.20
[OK]    github.com/mattn/go-runewidth v0.0.19                                  MIT                       88         https://api.clearlydefined.io/definitions/go/golang/github.com/mattn/go-runewidth/v0.0.19
[OK]    github.com/mattn/go-sqlite3 v1.14.34                                   MIT                       79         https://api.clearlydefined.io/definitions/go/golang/github.com/mattn/go-sqlite3/v1.14.34
[WARN]  github.com/maxbrunsfeld/counterfeiter/v6 v6.12.1                       MIT                       72         https://api.clearlydefined.io/definitions/go/golang/github.com/maxbrunsfeld/counterfeiter/v6/v6.12.1
[WARN]  github.com/miekg/pkcs11 v1.1.2                                         BSD-3-Clause              N/A        Harvesting is in progress
[OK]    github.com/mitchellh/go-wordwrap v1.0.1                                MIT                       90         https://api.clearlydefined.io/definitions/go/golang/github.com/mitchellh/go-wordwrap/v1.0.1
[OK]    github.com/mitchellh/hashstructure v1.1.0                              MIT                       89         https://api.clearlydefined.io/definitions/go/golang/github.com/mitchellh/hashstructure/v1.1.0
[OK]    github.com/mitchellh/mapstructure v1.5.0                               MIT                       88         https://api.clearlydefined.io/definitions/go/golang/github.com/mitchellh/mapstructure/v1.5.0
[OK]    github.com/mitchellh/reflectwalk v1.0.1                                MIT                       89         https://api.clearlydefined.io/definitions/go/golang/github.com/mitchellh/reflectwalk/v1.0.1
[OK]    github.com/moby/locker v1.0.1                                          Apache-2.0                89         https://api.clearlydefined.io/definitions/go/golang/github.com/moby/locker/v1.0.1
[OK]    github.com/moby/spdystream v0.5.1                                      Apache-2.0                81         https://api.clearlydefined.io/definitions/go/golang/github.com/moby/spdystream/v0.5.1
[OK]    github.com/moby/sys/capability v0.4.0                                  BSD-2-Clause              95         https://api.clearlydefined.io/definitions/go/golang/github.com/moby/sys/capability/v0.4.0
[OK]    github.com/moby/sys/mountinfo v0.7.2                                   Apache-2.0                87         https://api.clearlydefined.io/definitions/go/golang/github.com/moby/sys/mountinfo/v0.7.2
[OK]    github.com/moby/sys/sequential v0.6.0                                  Apache-2.0                87         https://api.clearlydefined.io/definitions/go/golang/github.com/moby/sys/sequential/v0.6.0
[OK]    github.com/moby/sys/user v0.4.0                                        Apache-2.0                87         https://api.clearlydefined.io/definitions/go/golang/github.com/moby/sys/user/v0.4.0
[OK]    github.com/moby/sys/userns v0.1.0                                      Apache-2.0                87         https://api.clearlydefined.io/definitions/go/golang/github.com/moby/sys/userns/v0.1.0
[OK]    github.com/moby/term v0.5.2                                            Apache-2.0                88         https://api.clearlydefined.io/definitions/go/golang/github.com/moby/term/v0.5.2
[OK]    github.com/modern-go/concurrent v0.0.0-20180306012644-bacd9c7ef1dd     Apache-2.0                87         https://api.clearlydefined.io/definitions/go/golang/github.com/modern-go/concurrent/v0.0.0-20180306012644-bacd9c7ef1dd
[OK]    github.com/modern-go/reflect2 v1.0.3-0.20250322232337-35a7c28c31ee     Apache-2.0                87         https://api.clearlydefined.io/definitions/go/golang/github.com/modern-go/reflect2/v1.0.3-0.20250322232337-35a7c28c31ee
[OK]    github.com/munnerz/goautoneg v0.0.0-20191010083416-a7dc8b61c822        BSD-3-Clause              95         https://api.clearlydefined.io/definitions/go/golang/github.com/munnerz/goautoneg/v0.0.0-20191010083416-a7dc8b61c822
[OK]    github.com/mwitkow/go-conntrack v0.0.0-20190716064945-2f068394615f     Apache-2.0                78         https://api.clearlydefined.io/definitions/go/golang/github.com/mwitkow/go-conntrack/v0.0.0-20190716064945-2f068394615f
[OK]    github.com/mxk/go-flowrate v0.0.0-20140419014527-cca7078d478f          BSD-3-Clause              89         https://api.clearlydefined.io/definitions/go/golang/github.com/mxk/go-flowrate/v0.0.0-20140419014527-cca7078d478f
[ERROR] github.com/onsi/ginkgo/v2 v2.32.0                                      N/A                       N/A        https://api.clearlydefined.io/definitions/go/golang/github.com/onsi/ginkgo/v2/v2.32.0
[ERROR] github.com/onsi/gomega v1.42.1                                         N/A                       N/A        https://api.clearlydefined.io/definitions/go/golang/github.com/onsi/gomega/v1.42.1
[OK]    github.com/opencontainers/go-digest v1.0.0                             Apache-2.0                80         https://api.clearlydefined.io/definitions/go/golang/github.com/opencontainers/go-digest/v1.0.0
[OK]    github.com/opencontainers/image-spec v1.1.1                            Apache-2.0                77         https://api.clearlydefined.io/definitions/go/golang/github.com/opencontainers/image-spec/v1.1.1
[WARN]  github.com/opencontainers/runtime-spec v1.3.0                          Apache-2.0                73         https://api.clearlydefined.io/definitions/go/golang/github.com/opencontainers/runtime-spec/v1.3.0
[WARN]  github.com/openshift/api v0.0.0-20260325070019-86893981287e            Apache-2.0                N/A        Harvesting is in progress
[OK]    github.com/openshift/client-go v0.0.0-20260108185524-48f4ccfc4e13      Apache-2.0                87         https://api.clearlydefined.io/definitions/go/golang/github.com/openshift/client-go/v0.0.0-20260108185524-48f4ccfc4e13
[WARN]  github.com/openshift/library-go v0.0.0-20260204111611-b7d4fa0e292a     Apache-2.0                N/A        Harvesting is in progress
[WARN]  github.com/operator-framework/api v0.41.0                              Apache-2.0                N/A        Harvesting is in progress
[OK]    github.com/operator-framework/operator-lib v0.11.0                     Apache-2.0                96         https://api.clearlydefined.io/definitions/go/golang/github.com/operator-framework/operator-lib/v0.11.0
[WARN]  github.com/operator-framework/operator-lifecycle-manager v0.41.0       Apache-2.0                N/A        Harvesting is in progress
[WARN]  github.com/operator-framework/operator-registry v1.64.0                Apache-2.0                N/A        Harvesting is in progress
[OK]    github.com/otiai10/copy v1.14.1                                        MIT                       87         https://api.clearlydefined.io/definitions/go/golang/github.com/otiai10/copy/v1.14.1
[OK]    github.com/otiai10/mint v1.6.3                                         MIT                       88         https://api.clearlydefined.io/definitions/go/golang/github.com/otiai10/mint/v1.6.3
[OK]    github.com/pelletier/go-toml v1.9.5                                    Apache-2.0                88         https://api.clearlydefined.io/definitions/go/golang/github.com/pelletier/go-toml/v1.9.5
[OK]    github.com/peterbourgon/diskv v2.0.1+incompatible                      MIT                       88         https://api.clearlydefined.io/definitions/go/golang/github.com/peterbourgon/diskv/v2.0.1+incompatible
[OK]    github.com/pjbgf/sha1cd v0.6.0                                         Apache-2.0                75         https://api.clearlydefined.io/definitions/go/golang/github.com/pjbgf/sha1cd/v0.6.0
[OK]    github.com/pkg/errors v0.9.1                                           BSD-2-Clause              88         https://api.clearlydefined.io/definitions/go/golang/github.com/pkg/errors/v0.9.1
[OK]    github.com/planetscale/vtprotobuf v0.6.1-0.20240319094008-0393e58bdf10 BSD-3-Clause              75         https://api.clearlydefined.io/definitions/go/golang/github.com/planetscale/vtprotobuf/v0.6.1-0.20240319094008-0393e58bdf10
[OK]    github.com/pmezard/go-difflib v1.0.1-0.20181226105442-5d4384ee4fb2     BSD-3-Clause              90         https://api.clearlydefined.io/definitions/go/golang/github.com/pmezard/go-difflib/v1.0.1-0.20181226105442-5d4384ee4fb2
[OK]    github.com/proglottis/gpgme v0.1.6                                     BSD-3-Clause              88         https://api.clearlydefined.io/definitions/go/golang/github.com/proglottis/gpgme/v0.1.6
[WARN]  github.com/prometheus-operator/prometheus-operator/pkg/apis/monitoring v0.86.2 Apache-2.0                74         https://api.clearlydefined.io/definitions/go/golang/github.com/prometheus-operator/prometheus-operator/v0.86.2
[OK]    github.com/prometheus/client_golang v1.23.2                            Apache-2.0                82         https://api.clearlydefined.io/definitions/go/golang/github.com/prometheus/client_golang/v1.23.2
[OK]    github.com/prometheus/client_model v0.6.2                              Apache-2.0                90         https://api.clearlydefined.io/definitions/go/golang/github.com/prometheus/client_model/v0.6.2
[OK]    github.com/prometheus/common v0.67.5                                   Apache-2.0                92         https://api.clearlydefined.io/definitions/go/golang/github.com/prometheus/common/v0.67.5
[OK]    github.com/prometheus/otlptranslator v1.0.0                            Apache-2.0                92         https://api.clearlydefined.io/definitions/go/golang/github.com/prometheus/otlptranslator/v1.0.0
[OK]    github.com/prometheus/procfs v0.19.2                                   Apache-2.0                87         https://api.clearlydefined.io/definitions/go/golang/github.com/prometheus/procfs/v0.19.2
[WARN]  github.com/redis/go-redis/extra/rediscmd/v9 v9.17.3                    BSD-2-Clause              N/A        Harvesting is in progress
[WARN]  github.com/redis/go-redis/extra/redisotel/v9 v9.17.3                   BSD-2-Clause              N/A        Harvesting is in progress
[WARN]  github.com/redis/go-redis/v9 v9.17.3                                   BSD-2-Clause              72         https://api.clearlydefined.io/definitions/go/golang/github.com/redis/go-redis/v9/v9.17.3
[OK]    github.com/robfig/cron/v3 v3.0.0                                       MIT                       88         https://api.clearlydefined.io/definitions/go/golang/github.com/robfig/cron/v3/v3.0.0
[OK]    github.com/rogpeppe/go-internal v1.14.1                                BSD-3-Clause              92         https://api.clearlydefined.io/definitions/go/golang/github.com/rogpeppe/go-internal/v1.14.1
[ERROR] github.com/russross/blackfriday/v2 v2.1.0                              N/A                       N/A        https://api.clearlydefined.io/definitions/go/golang/github.com/russross/blackfriday/v2/v2.1.0
[OK]    github.com/santhosh-tekuri/jsonschema v1.2.4                           BSD-3-Clause              89         https://api.clearlydefined.io/definitions/go/golang/github.com/santhosh-tekuri/jsonschema/v1.2.4
[OK]    github.com/secure-systems-lab/go-securesystemslib v0.10.0              MIT                       88         https://api.clearlydefined.io/definitions/go/golang/github.com/secure-systems-lab/go-securesystemslib/v0.10.0
[OK]    github.com/sergi/go-diff v1.3.2-0.20230802210424-5b0b94c5c0d3          Apache-2.0                88         https://api.clearlydefined.io/definitions/go/golang/github.com/sergi/go-diff/v1.3.2-0.20230802210424-5b0b94c5c0d3
[WARN]  github.com/sigstore/fulcio v1.8.5                                      BSD-2-Clause              N/A        Harvesting is in progress
[WARN]  github.com/sigstore/protobuf-specs v0.5.0                              Apache-2.0                74         https://api.clearlydefined.io/definitions/go/golang/github.com/sigstore/protobuf-specs/v0.5.0
[OK]    github.com/sigstore/sigstore v1.10.4                                   Apache-2.0                98         https://api.clearlydefined.io/definitions/go/golang/github.com/sigstore/sigstore/v1.10.4
[OK]    github.com/sirupsen/logrus v1.9.4                                      MIT                       88         https://api.clearlydefined.io/definitions/go/golang/github.com/sirupsen/logrus/v1.9.4
[OK]    github.com/skeema/knownhosts v1.3.1                                    Apache-2.0                90         https://api.clearlydefined.io/definitions/go/golang/github.com/skeema/knownhosts/v1.3.1
[WARN]  github.com/smallstep/pkcs7 v0.2.1                                      MIT                       74         https://api.clearlydefined.io/definitions/go/golang/github.com/smallstep/pkcs7/v0.2.1
[OK]    github.com/soheilhy/cmux v0.1.5                                        Apache-2.0                95         https://api.clearlydefined.io/definitions/go/golang/github.com/soheilhy/cmux/v0.1.5
[OK]    github.com/spf13/cobra v1.10.2                                         Apache-2.0                94         https://api.clearlydefined.io/definitions/go/golang/github.com/spf13/cobra/v1.10.2
[OK]    github.com/spf13/pflag v1.0.10                                         BSD-3-Clause              90         https://api.clearlydefined.io/definitions/go/golang/github.com/spf13/pflag/v1.0.10
[OK]    github.com/spiffe/go-spiffe/v2 v2.6.0                                  Apache-2.0                87         https://api.clearlydefined.io/definitions/go/golang/github.com/spiffe/go-spiffe/v2/v2.6.0
[OK]    github.com/stefanberger/go-pkcs11uri v0.0.0-20230803200340-78284954bff6 Apache-2.0                92         https://api.clearlydefined.io/definitions/go/golang/github.com/stefanberger/go-pkcs11uri/v0.0.0-20230803200340-78284954bff6
[OK]    github.com/stoewer/go-strcase v1.3.0                                   MIT                       88         https://api.clearlydefined.io/definitions/go/golang/github.com/stoewer/go-strcase/v1.3.0
[OK]    github.com/stretchr/objx v0.5.2                                        MIT                       88         https://api.clearlydefined.io/definitions/go/golang/github.com/stretchr/objx/v0.5.2
[OK]    github.com/stretchr/testify v1.11.1                                    MIT                       87         https://api.clearlydefined.io/definitions/go/golang/github.com/stretchr/testify/v1.11.1
[OK]    github.com/tidwall/btree v1.8.1                                        MIT                       91         https://api.clearlydefined.io/definitions/go/golang/github.com/tidwall/btree/v1.8.1
[OK]    github.com/tmc/grpc-websocket-proxy v0.0.0-20220101234140-673ab2c3ae75 MIT                       88         https://api.clearlydefined.io/definitions/go/golang/github.com/tmc/grpc-websocket-proxy/v0.0.0-20220101234140-673ab2c3ae75
[OK]    github.com/ulikunitz/xz v0.5.15                                        BSD-3-Clause              80         https://api.clearlydefined.io/definitions/go/golang/github.com/ulikunitz/xz/v0.5.15
[OK]    github.com/vbatts/tar-split v0.12.2                                    BSD-3-Clause              89         https://api.clearlydefined.io/definitions/go/golang/github.com/vbatts/tar-split/v0.12.2
[WARN]  github.com/vbauerster/mpb/v8 v8.11.3                                   Unlicense                 72         https://api.clearlydefined.io/definitions/go/golang/github.com/vbauerster/mpb/v8/v8.11.3
[OK]    github.com/x448/float16 v0.8.4                                         MIT                       93         https://api.clearlydefined.io/definitions/go/golang/github.com/x448/float16/v0.8.4
[OK]    github.com/xanzy/ssh-agent v0.3.3                                      Apache-2.0                77         https://api.clearlydefined.io/definitions/go/golang/github.com/xanzy/ssh-agent/v0.3.3
[OK]    github.com/xhit/go-str2duration/v2 v2.1.0                              BSD-3-Clause              91         https://api.clearlydefined.io/definitions/go/golang/github.com/xhit/go-str2duration/v2/v2.1.0
[OK]    github.com/xiang90/probing v0.0.0-20221125231312-a49e3df8f510          MIT                       89         https://api.clearlydefined.io/definitions/go/golang/github.com/xiang90/probing/v0.0.0-20221125231312-a49e3df8f510
[OK]    go.etcd.io/bbolt v1.4.3                                                MIT                       87         https://api.clearlydefined.io/definitions/go/golang/go.etcd.io/bbolt/v1.4.3
[OK]    go.etcd.io/etcd/api/v3 v3.6.8                                          Apache-2.0                91         https://api.clearlydefined.io/definitions/go/golang/go.etcd.io/etcd/api/v3/v3.6.8
[OK]    go.etcd.io/etcd/client/pkg/v3 v3.6.8                                   Apache-2.0                84         https://api.clearlydefined.io/definitions/go/golang/go.etcd.io/etcd/client/pkg/v3/v3.6.8
[OK]    go.etcd.io/etcd/client/v3 v3.6.8                                       Apache-2.0                99         https://api.clearlydefined.io/definitions/go/golang/go.etcd.io/etcd/client/v3/v3.6.8
[ERROR] go.etcd.io/etcd/pkg/v3 v3.6.8                                          N/A                       N/A        https://api.clearlydefined.io/definitions/go/golang/go.etcd.io/etcd/pkg/v3/v3.6.8
[ERROR] go.etcd.io/etcd/server/v3 v3.6.8                                       N/A                       N/A        https://api.clearlydefined.io/definitions/go/golang/go.etcd.io/etcd/server/v3/v3.6.8
[OK]    go.etcd.io/raft/v3 v3.6.0                                              Apache-2.0                79         https://api.clearlydefined.io/definitions/go/golang/go.etcd.io/raft/v3/v3.6.0
[OK]    go.opencensus.io v0.24.0                                               Apache-2.0                82         https://api.clearlydefined.io/definitions/git/github/census-instrumentation/opencensus-go/b1a01ee95db0e690d91d7193d037447816fae4c5
[OK]    go.opentelemetry.io/auto/sdk v1.2.1                                    Apache-2.0                98         https://api.clearlydefined.io/definitions/go/golang/go.opentelemetry.io/auto/sdk/v1.2.1
[WARN]  go.opentelemetry.io/contrib/bridges/prometheus v0.65.0                 Apache-2.0                N/A        Harvesting is in progress
[OK]    go.opentelemetry.io/contrib/detectors/gcp v1.39.0                      Apache-2.0                97         https://api.clearlydefined.io/definitions/go/golang/go.opentelemetry.io/contrib/detectors/gcp/v1.39.0
[WARN]  go.opentelemetry.io/contrib/exporters/autoexport v0.65.0               Apache-2.0                N/A        Harvesting is in progress
[WARN]  go.opentelemetry.io/contrib/instrumentation/google.golang.org/grpc/otelgrpc v0.65.0 Apache-2.0                N/A        Harvesting is in progress
[WARN]  go.opentelemetry.io/contrib/instrumentation/net/http/otelhttp v0.65.0  Apache-2.0                N/A        Harvesting is in progress
[OK]    go.opentelemetry.io/otel v1.43.0                                       Apache-2.0                98         https://api.clearlydefined.io/definitions/go/golang/go.opentelemetry.io/otel/v1.43.0
[OK]    go.opentelemetry.io/otel/exporters/otlp/otlplog/otlploggrpc v0.16.0    Apache-2.0                87         https://api.clearlydefined.io/definitions/go/golang/go.opentelemetry.io/otel/exporters/otlp/v0.16.0
[OK]    go.opentelemetry.io/otel/exporters/otlp/otlplog/otlploghttp v0.16.0    Apache-2.0                87         https://api.clearlydefined.io/definitions/go/golang/go.opentelemetry.io/otel/exporters/otlp/v0.16.0
[OK]    go.opentelemetry.io/otel/exporters/otlp/otlpmetric/otlpmetricgrpc v1.40.0 Apache-2.0                97         https://api.clearlydefined.io/definitions/go/golang/go.opentelemetry.io/otel/v1.40.0
[OK]    go.opentelemetry.io/otel/exporters/otlp/otlpmetric/otlpmetrichttp v1.40.0 Apache-2.0                97         https://api.clearlydefined.io/definitions/go/golang/go.opentelemetry.io/otel/v1.40.0
[OK]    go.opentelemetry.io/otel/exporters/otlp/otlptrace v1.40.0              Apache-2.0                98         https://api.clearlydefined.io/definitions/go/golang/go.opentelemetry.io/otel/exporters/otlp/otlptrace/v1.40.0
[OK]    go.opentelemetry.io/otel/exporters/otlp/otlptrace/otlptracegrpc v1.40.0 Apache-2.0                98         https://api.clearlydefined.io/definitions/go/golang/go.opentelemetry.io/otel/exporters/otlp/otlptrace/v1.40.0
[OK]    go.opentelemetry.io/otel/exporters/otlp/otlptrace/otlptracehttp v1.40.0 Apache-2.0                98         https://api.clearlydefined.io/definitions/go/golang/go.opentelemetry.io/otel/exporters/otlp/otlptrace/v1.40.0
[WARN]  go.opentelemetry.io/otel/exporters/prometheus v0.62.0                  Apache-2.0                N/A        Harvesting is in progress
[OK]    go.opentelemetry.io/otel/exporters/stdout/stdoutlog v0.16.0            Apache-2.0                87         https://api.clearlydefined.io/definitions/go/golang/go.opentelemetry.io/otel/exporters/stdout/v0.16.0
[OK]    go.opentelemetry.io/otel/exporters/stdout/stdoutmetric v1.40.0         Apache-2.0                97         https://api.clearlydefined.io/definitions/go/golang/go.opentelemetry.io/otel/exporters/stdout/stdoutmetric/v1.40.0
[OK]    go.opentelemetry.io/otel/exporters/stdout/stdouttrace v1.40.0          Apache-2.0                97         https://api.clearlydefined.io/definitions/go/golang/go.opentelemetry.io/otel/exporters/stdout/stdouttrace/v1.40.0
[OK]    go.opentelemetry.io/otel/log v0.16.0                                   Apache-2.0                87         https://api.clearlydefined.io/definitions/go/golang/go.opentelemetry.io/otel/v0.16.0
[OK]    go.opentelemetry.io/otel/metric v1.43.0                                Apache-2.0                97         https://api.clearlydefined.io/definitions/go/golang/go.opentelemetry.io/otel/metric/v1.43.0
[OK]    go.opentelemetry.io/otel/sdk v1.43.0                                   Apache-2.0                99         https://api.clearlydefined.io/definitions/go/golang/go.opentelemetry.io/otel/sdk/v1.43.0
[OK]    go.opentelemetry.io/otel/sdk/log v0.16.0                               Apache-2.0                87         https://api.clearlydefined.io/definitions/go/golang/go.opentelemetry.io/otel/sdk/v0.16.0
[OK]    go.opentelemetry.io/otel/sdk/metric v1.43.0                            Apache-2.0                99         https://api.clearlydefined.io/definitions/go/golang/go.opentelemetry.io/otel/sdk/metric/v1.43.0
[OK]    go.opentelemetry.io/otel/trace v1.43.0                                 Apache-2.0                98         https://api.clearlydefined.io/definitions/go/golang/go.opentelemetry.io/otel/trace/v1.43.0
[OK]    go.opentelemetry.io/proto/otlp v1.9.0                                  Apache-2.0                93         https://api.clearlydefined.io/definitions/go/golang/go.opentelemetry.io/proto/otlp/v1.9.0
[WARN]  go.podman.io/common v0.67.0                                            Apache-2.0                N/A        Harvesting is in progress
[WARN]  go.podman.io/image/v5 v5.39.1                                          Apache-2.0                N/A        Harvesting is in progress
[WARN]  go.podman.io/storage v1.62.0                                           Apache-2.0                N/A        Harvesting is in progress
[OK]    go.uber.org/goleak v1.3.0                                              MIT                       94         https://api.clearlydefined.io/definitions/go/golang/go.uber.org/goleak/v1.3.0
[WARN]  go.uber.org/mock v0.6.0                                                Apache-2.0                74         https://api.clearlydefined.io/definitions/go/golang/go.uber.org/mock/v0.6.0
[OK]    go.uber.org/multierr v1.11.0                                           MIT                       94         https://api.clearlydefined.io/definitions/go/golang/go.uber.org/multierr/v1.11.0
[OK]    go.uber.org/zap v1.28.0                                                MIT                       83         https://api.clearlydefined.io/definitions/go/golang/go.uber.org/zap/v1.28.0
[OK]    go.yaml.in/yaml/v2 v2.4.4                                              Apache-2.0                81         https://api.clearlydefined.io/definitions/go/golang/go.yaml.in/yaml/v2/v2.4.4
[OK]    go.yaml.in/yaml/v3 v3.0.4                                              Apache-2.0                97         https://api.clearlydefined.io/definitions/go/golang/go.yaml.in/yaml/v3/v3.0.4
[WARN]  golang.org/x/crypto v0.54.0                                            BSD-3-Clause              N/A        Harvesting is in progress
[ERROR] golang.org/x/exp v0.0.0-20260410095643-746e56fc9e2f                    N/A                       N/A        https://api.clearlydefined.io/definitions/go/golang/golang.org/x/exp/v0.0.0-20260410095643-746e56fc9e2f
[OK]    golang.org/x/lint v0.0.0-20241112194109-818c5a804067                   BSD-3-Clause              89         https://api.clearlydefined.io/definitions/go/golang/golang.org/x/lint/v0.0.0-20241112194109-818c5a804067
[ERROR] golang.org/x/mod v0.37.0                                               N/A                       N/A        https://api.clearlydefined.io/definitions/go/golang/golang.org/x/mod/v0.37.0
[ERROR] golang.org/x/net v0.57.0                                               N/A                       N/A        https://api.clearlydefined.io/definitions/go/golang/golang.org/x/net/v0.57.0
[OK]    golang.org/x/oauth2 v0.34.0                                            BSD-3-Clause              98         https://api.clearlydefined.io/definitions/go/golang/golang.org/x/oauth2/v0.34.0
[ERROR] golang.org/x/sync v0.22.0                                              N/A                       N/A        https://api.clearlydefined.io/definitions/go/golang/golang.org/x/sync/v0.22.0
[ERROR] golang.org/x/sys v0.47.0                                               N/A                       N/A        https://api.clearlydefined.io/definitions/go/golang/golang.org/x/sys/v0.47.0
[ERROR] golang.org/x/term v0.45.0                                              N/A                       N/A        https://api.clearlydefined.io/definitions/go/golang/golang.org/x/term/v0.45.0
[ERROR] golang.org/x/text v0.40.0                                              N/A                       N/A        https://api.clearlydefined.io/definitions/go/golang/golang.org/x/text/v0.40.0
[OK]    golang.org/x/time v0.14.0                                              BSD-3-Clause              94         https://api.clearlydefined.io/definitions/go/golang/golang.org/x/time/v0.14.0
[ERROR] golang.org/x/tools v0.47.0                                             N/A                       N/A        https://api.clearlydefined.io/definitions/go/golang/golang.org/x/tools/v0.47.0
[OK]    golang.org/x/tools/go/expect v0.1.1-deprecated                         BSD-3-Clause              94         https://api.clearlydefined.io/definitions/go/golang/golang.org/x/tools/go/expect/v0.1.1-deprecated
[WARN]  golang.org/x/tools/go/packages/packagestest v0.1.1-deprecated          BSD-3-Clause              N/A        Harvesting is in progress
[ERROR] gomodules.xyz/jsonpatch/v2 v2.5.0                                      N/A                       N/A        https://api.clearlydefined.io/definitions/go/golang/gomodules.xyz/jsonpatch/v2/v2.5.0
[OK]    gonum.org/v1/gonum v0.16.0                                             BSD-3-Clause              82         https://api.clearlydefined.io/definitions/go/golang/gonum.org/v1/gonum/v0.16.0
[WARN]  google.golang.org/genproto v0.0.0-20260203192932-546029d2fa20          Apache-2.0                N/A        Harvesting is in progress
[ERROR] google.golang.org/genproto/googleapis/api v0.0.0-20260203192932-546029d2fa20 N/A                       N/A        https://api.clearlydefined.io/definitions/go/golang/google.golang.org/genproto/googleapis/api/v0.0.0-20260203192932-546029d2fa20
[OK]    google.golang.org/genproto/googleapis/rpc v0.0.0-20260311181403-84a4fc48630c Apache-2.0                96         https://api.clearlydefined.io/definitions/go/golang/google.golang.org/genproto/googleapis/rpc/v0.0.0-20260311181403-84a4fc48630c
[ERROR] google.golang.org/grpc v1.79.3                                         N/A                       N/A        https://api.clearlydefined.io/definitions/go/golang/google.golang.org/grpc/v1.79.3
[OK]    google.golang.org/grpc/cmd/protoc-gen-go-grpc v1.6.1                   Apache-2.0                94         https://api.clearlydefined.io/definitions/go/golang/google.golang.org/grpc/cmd/protoc-gen-go-grpc/v1.6.1
[ERROR] google.golang.org/protobuf v1.36.12-0.20260120151049-f2248ac996af      N/A                       N/A        https://api.clearlydefined.io/definitions/go/golang/google.golang.org/protobuf/v1.36.12-0.20260120151049-f2248ac996af
[WARN]  gopkg.in/check.v1 v1.0.0-20201130134442-10cb98267c6c                   BSD-2-Clause              73         https://api.clearlydefined.io/definitions/go/golang/gopkg.in/check.v1/v1.0.0-20201130134442-10cb98267c6c
[ERROR] gopkg.in/evanphx/json-patch.v4 v4.13.0                                 N/A                       N/A        https://api.clearlydefined.io/definitions/go/golang/gopkg.in/evanphx/json-patch.v4/v4.13.0
[OK]    gopkg.in/inf.v0 v0.9.1                                                 BSD-3-Clause              89         https://api.clearlydefined.io/definitions/go/golang/gopkg.in/inf.v0/v0.9.1
[ERROR] gopkg.in/natefinch/lumberjack.v2 v2.2.1                                N/A                       N/A        https://api.clearlydefined.io/definitions/go/golang/gopkg.in/natefinch/lumberjack.v2/v2.2.1
